// Jest Snapshot v1, https://goo.gl/fbAQLP

exports[`renders a product with title, image, price and add to cart button 1`] = `
<div>
  <div
    class="productContainer"
    data-test-id="e2eProductContainer"
  >
    <header>
      <h2>
        mock product
      </h2>
    </header>
    <main
      class="imgContainer"
    >
      <img
        alt="mock product"
        data-nimg="fill"
        decoding="async"
        loading="lazy"
        sizes="(max-width: 768px) 100vw, (max-width: 1200px) 50vw, 33vw"
        src="/_next/image?url=%2Fmockimage.jpg&w=3840&q=75"
        srcset="/_next/image?url=%2Fmockimage.jpg&w=256&q=75 256w, /_next/image?url=%2Fmockimage.jpg&w=384&q=75 384w, /_next/image?url=%2Fmockimage.jpg&w=640&q=75 640w, /_next/image?url=%2Fmockimage.jpg&w=750&q=75 750w, /_next/image?url=%2Fmockimage.jpg&w=828&q=75 828w, /_next/image?url=%2Fmockimage.jpg&w=1080&q=75 1080w, /_next/image?url=%2Fmockimage.jpg&w=1200&q=75 1200w, /_next/image?url=%2Fmockimage.jpg&w=1920&q=75 1920w, /_next/image?url=%2Fmockimage.jpg&w=2048&q=75 2048w, /_next/image?url=%2Fmockimage.jpg&w=3840&q=75 3840w"
        style="position: absolute; height: 100%; width: 100%; left: 0px; top: 0px; right: 0px; bottom: 0px; object-fit: contain; color: transparent;"
      />
    </main>
    <footer>
      <h3>
        <b>
          22
          $
        </b>
      </h3>
      <button>
        Add to cart
      </button>
    </footer>
  </div>
</div>
`;
